showip.net

.ua

threema.ch

adminforge.de
signal.org
simplex.chat
simplex.im

licdn.com
linkedin.com

booktracker.org
bt4gprx.com
cdnbunny.org
cloudtorrents.com
cnd2exp.online
fast-torrent.club
filmitorrent.net
kinozal.guru
kinozal.me
kinozal.tv
kinozaltv.life
megapeer.vip
nnmclub.to
nnmstatic.win
opentrackr.org
pb.wtf
piratbit.top
riperam.org
rustorka.com
rutor.info
rutor.is
rutor.org
rutracker.cc
rutracker.net
rutracker.org
rutracker.wiki
selezen.org
slifki.biz
thepiratebay.org
torrentgalaxy.to

amnezia.org
censortracker.org
cyberghostvpn.com
getoutline.org
mullvad.net
prostovpn.org
protonvpn.com
psiphon.ca
redshieldvpn.com
surfshark.com
tiptop-vpn.com
vpngate.net
vpngen.org
vpnlove.me
vpnpay.io

ruscryde.net
scryde.io
scryde.net
scryde.ru
scryde.world
scryde1.net
scryde10.net
scryde11.net
scryde12.net
scryde2.net
scryde3.net
scryde4.net
scryde5.net
scryde6.net
scryde7.net
scryde8.net
scryde9.net

10minutemail.com
1337x.to
4freerussia.org
4pna.com
5sim.net
7tv.app
7tv.io
abook-club.ru
academy.terrasoft.ua
adguard-vpn.com
adguard.com
ahrefs.com
allegro.pl
amdm.ru
amx.com
anidub.com
annas-archive.org
any.do
aol.com
api.service-kp.com
apkmirror.com
archive.ph
archiveofourown.org
as6723.net
atv4.dnskp.cc
audiobookbay.lu
avira.com
babook.org
baginya.org
bcbits.com
bestchange.ru
bigcommerce.com
bkbn.net
bluehost.com
boominfo.org
booth.pm
booth.pximg.net
botnadzor.org
btdig.com
bufferbloat.net
build.lwjgl.org
carnegieendowment.org
cbilling.eu
cbilling.vip
charhub.io
chess.com
chesscomfiles.com
chub.ai
cock.li
codelinaro.org
coinpayments.net
coinsbee.com
coldfilm.city
coldfilm.ink
coldfilm.xyz
coursera.org
croxyproxy.com
cub.red
deckbrew.xyz
decky.xyz
decrypt.day
deepstatemap.live
depositphotos.com
designify.com
deviantart.com
digash.live
digikey.com
digitalocean.com
dpidetector.org
dreamhost.com
dub.sh
edu-cisco.org
ef.com
ef.edu
eggertspiele.de
element14.com
elements.envato.com
epidemz.net.co
everand.com
exler.es
fastpic.org
filmix.ac
filmix.biz
filmix.day
filmix.fan
filmix.fm
filmix.la
flibusta.is
flibusta.net
flipboard.com
flisland.net
fls.guru
forklog.com
forum.netgate.com
forum.ru-board.com
freedomletters.org
gagadget.com
gamedistribution.com
gamesrepack.com
gifyu.com
git.new
godaddy.com
gofile.io
gonitro.com
goodreads.com
gr-assets.com
hackernoon.com
hackmd.io
halooglasi.com
hdkinoteatr.com
hdstudio.org
hetzner.com
hostgator.com
iditelesombase.org
ign.com
iichan.hk
ilook.tv
incy.cc
indiehackers.com
infineon.com
insearch.site
interactivebrokers.co.uk
ionos.com
iptv.online
itch.io
kamatera.com
kilo.ai
kilocode.ai
kino.pub
kinogo.ec
kinogo.uk
kinopub.me
kinovod.net
kinozal.tv
knews.kg
knowyourmeme.com
kupujemprodajem.com
kym-cdn.com
lantern.io
le-production.tv
leafletjs.com
lib.rus.ec
libgen.li
linear.app
lingq.com
linktr.ee
livetv.sx
liveuamap.com
lolz.guru
lostfilm.download
lostfilm.tv
lostfilm.tw
lostfilm.uno
lostfilmtv2.site
lu4.org
lucid.app
magaz.global
mail-api.proton.me
mailfence.com
mailo.com
make.com
malwarebytes.com
mashable.com
medium.com
mega.co.nz
mega.io
mega.nz
megapay.nz
megapeer.ru
metacritic.com
metal-archives.com
modrinth.com
monolisa.dev
more.fm
musicbrainz.org
musixmatch.com
mw2.wiki
navalny.com
neformat.com.ua
networksolutions.com
newgrounds.com
nhl.com
nih.gov
nippon.com
notepad-plus-plus.org
novaline.fm
ntc.party
ohmyswift.ru
okx.com
olx.ua
omv-extras.org
onlinesim.io
open3dlab.com
opensanctions.org
opensea.io
pages.dev
patreon.com
patreonusercontent.com
pimpletv.ru
pixabay.com
pixiv.net
polymarket.com
primevue.org
privatekeys.pw
prnt.sc
pronouns.page
proton.me
pvpessence.com
quora.com
quora.com.cdn.cloudflare.net
radiojar.com
refactoring.guru
render-state.to
rentry.co
restream.io
rf.dobrochan.net
riseup.net
rublacklist.net
sap.com
saverudata.net
sci-hub.se
sci-hub.st
scrollrevealjs.org
searchfloor.org
seasonvar.ru
shiza-project.com
simplix.info
skiff.com
skladchik.com
sklatchiki.ru
sms-activate.io
sndcdn.com
sophos.com
soundcloud.cloud
soundcloud.com
speedtest.net
spreadthesign.com
squietpc.com
startmail.com
startpage.com
static.lostfilm.top
statology.org
steamstat.info
supersliv.biz
swissinfo.ch
te-st.org
temu.com
thetvdb.com
torproject.org
trellix.com
trueblackmetalradio.com
turbobit.net
tuta.com
tuta.io
tvdevinfo.com
twin.me
twinlife-systems.com
twinme.com
twirpx.com
ukr.net
ukrtelcdn.net
unsplash.com
urlr.me
usebottles.com
viber.com
vice.com
visualcapitalist.com
webmd.com
webtoons.com
wiki.fextralife.com
wilsoncenter.org
windows10spotlight.com
zbigz.com
zendesk.com
