3os.org
acclaimedvideogames.com
adbappcontrol.com
ajay.app
allawnos.com
alterportal.net
aniliberty.top
armbian.com
armbian.de
artixlinux.org
artstation.com
beatmods.com
beatsaver.com
bitbucket.org
bitru.org
bitvise.com
blackhatworld.com
britishcouncil.org
bsmanager.io
callfilter.app
cdn-service.space
cdn.polyhaven.com
cdn.web-global.fds.api.mi-img.com
check-host.net
clashverge.dev
clerk.com
clerk.dev
clickup-attachments.com
cloudflare.com
cloudflarestorage.com
cloudns.net
clubtv.pro
cochrane.org
coderabbit.ai
consensus.app
convertunits.com
crdroid.net
curseforge.com
customfw.xyz
dev.to
discogs.com
discourse-cdn.com
dockhand.pro
dosvid.tk
drpool.io
ds-servers.com
dvprogram.state.gov
eaaccounts.akamaized.net
easysimplesolution.net
edx.org
elsevier.com
elsevier.com.cdn.cloudflare.net
ezgif.com
fandom.com
fastpic.org
fedoraproject.org
feeds.feedburner.com
figshare.com
filmix.my
flathub.org
flclash.cc
fosshub.com
friendlyelec.com
fwupd.org
galaxy.ansible.com
geekbench.com
gitlab.com
gizmochina.com
gnome.org
gopro.com
grafana.net
heavyfetish.com
helpdesk-static.com
helpdesk.com
heltec.org
higgsfield.ai
hostero.eu
howtogeek.com
htx.com
ikea.com
imagedelivery.net
imazing.com
imgbb.com
imigo.ai
inoreader.com
ipinfo.app
irc-ws.chat.twitch.tv
ixxx.com
jellyfin.org
jinxxy.com
joeysretrohandhelds.com
karing.app
kde.org
kyoceradocumentsolutions.com
lenso.ai
libria.fun
lifeforge.dev
linuxserver.io
litellm.ai
livechat.com
livechatinc.com
llhost.eu
localsend.org
lowendtalk.com
luadns.com
magicalchemy.org
maximoff.su
mdpi.com
mediafilez.forgecdn.net
memepedia.ru
meshtastic.org
monochrome.tf
music.apple.com
nextdirect.com
nexusmods.com
nintendo.com
nixos.org
nuxt.com
nvidia.com
opencode.ai
openrailwaymap.org
opensubtitles.org
opentext.com
opintopolku.fi
ovh.ie
pantone.com
pastebin.com
patterns.dev
pdfcoffee.com
pinata.cloud
ping-admin.com
pinia-colada.esm.dev
pinterest.com
plantuml.com
porkbun.com
pplx-res.cloudinary.com
protondb.com
pstatic.net
pstmn.io
pusher.com
pypi.org
qualtrics.com
reddit.com
redux.js.org
resizing.flixster.com
rosepinetheme.com
rottentomatoes.com
rulet.tv
russianfood.com
rutracker.org
sb-cd.com
sbox.game
scribd.com
seriesgraph.com
shara-mail.com
silabs.com
sing-box.sagernet.org
skillsforall.com
smods.ru
snikket.org
spankbang.com
static.wixstatic.com
steamos.cloud
storybook.js.org
strapi.io
studyinfinland.fi
succurity.com
sxyprn.com
sxyprn.net
tailwind-variants.org
teamviewer.com
tefl.org
text.com
thelancet.com
tiny.cloud
transistor.fm
tremendous.com
trueachievements.com
tunemymusic.com
ubuntu-touch.io
use.typekit.net
userbenchmark.com
utils.docs.rw
vecpea.com
vivo.com.cn
vpnjantit.com
walletbot.me
wayground.com
whoer.net
wwnd.space
xda-developers.com
xdaforums.com
xraycore.org
yarnpkg.com
youngliving.com

archlinux.org
beamng.com
desec.io
hetzner.cloud
hetzner.com
izzysoft.de
manjaro.org
media5.cdnbase.com
mirror.chaotic.cx
nextcloud.com
ocbase.com

amazon.com
amazonaws.com
cloudfront.net
fossorial.io
mongodb.com
netbird.io
protonvpn.com
strava.com
vrchat.cloud
vrchat.com

forum.syncthing.net
openwrt.org
vod.streamgum.com
windowsupdate.com
zerotier.com

iot334.com
tuya-inc.cn
tuya.com
tuyaaf.com
tuyacn.com
tuyaeu.com
tuyain.com
tuyaus.com

wbagora.com
wbgames.com
wbinsights.com

capcut.com
capcutapi.com
capcutstatic.com
capcutvod.com

cdn-lfs-eu-1.hf.co
cdn-lfs-us-1.hf.co
cdn-lfs.hf.co
cdn-lfs.huggingface.co
huggingface.co

stripe.com
stripecdn.com

cdn.embedly.com
dodopayments.com
scira.ai

d4c.nintendo.net
dragons.nintendo.net
eshop.nintendo.net
srv.nintendo.net

cdn77.com
your-server.de
